npm warn publish npm auto-corrected some errors in your package.json when publishing.  Please run "npm pkg fix" to address these errors.
npm warn publish errors corrected:
npm warn publish "version" was cleaned and set to "1.20.0-alpha.3"
npm notice
npm notice package: @char46/koishi-plugin-video-parser-all@1.20.0-alpha.3
npm notice Tarball Contents
npm notice 1.1kB LICENSE
npm notice 560B README.md
npm notice 654B lib/index.d.ts
npm notice 909B lib/index.js
npm notice 1.1kB package.json
npm notice Tarball Details
npm notice name: @char46/koishi-plugin-video-parser-all
npm notice version: 1.20.0-alpha.3
npm notice filename: char46-koishi-plugin-video-parser-all-1.20.0-alpha.3.tgz
npm notice package size: 2.2 kB
npm notice unpacked size: 4.3 kB
npm notice shasum: 153a8fe3913e33c47598536382b126fbd87480c9
npm notice integrity: sha512-uiS3dxykSugMr[...]vSC15RIXUCTxg==
npm notice total files: 5
npm notice
npm notice Publishing to https://registry.npmjs.org with tag alpha and public access
npm notice Your package is being processed and may take a few minutes to become available.
